// Jest Snapshot v1, https://goo.gl/fbAQLP

exports[`Test on GifGridItem Should load correctly 1`] = `
<div
  className="col-12 col-md-6 col-lg-3"
>
  <div
    className="card mb-2 animate__animated animate__fadeIn"
  >
    <img
      alt="Dragon Ball Super"
      className="img-fluid rounded"
      id="1234"
      src="https://giphy.com/api/dragon-ball-super.gif"
    />
    <div
      className="card-body"
    >
      <h3
        className="card-title black text-center"
        id="title"
      >
        Dragon Ball Super
      </h3>
    </div>
  </div>
</div>
`;
